2026-09-01 20:20:45,157 | INFO | root | ==================================================
2026-09-01 20:20:45,157 | INFO | root | Application logging started
2026-09-01 20:20:45,158 | INFO | root | Log file: logs\2026-09-01_20-20-45.log
2026-09-01 20:20:45,158 | INFO | root | ==================================================
2026-09-01 20:20:45,158 | INFO | app | FastAPI application starting
2026-09-01 20:20:45,182 | INFO | app | Application startup
2026-09-01 20:20:45,432 | INFO | watcher.event_handler | Corpora ingestion worker started
2026-09-01 20:20:45,432 | INFO | watcher.corpora_watcher | Starting watcher for folder: corpora
2026-09-01 20:20:45,432 | INFO | app | Corpora watcher started
2026-09-01 20:53:16,508 | INFO | watcher.event_handler | Queueing filesystem event | file=corpora\Acme_Corp_IT_Security_Policy.pdf | deleted=True
2026-09-01 20:53:16,508 | INFO | watcher.event_handler | Document deleted: corpora\Acme_Corp_IT_Security_Policy.pdf
2026-09-01 20:53:16,509 | INFO | rag.vectorstore | Deleting embeddings for source: Acme_Corp_IT_Security_Policy.pdf
2026-09-01 20:53:16,529 | INFO | watcher.event_handler | Queueing filesystem event | file=corpora\Acme_Corp_HR_Remote_Work_Policy.pdf | deleted=True
2026-09-01 20:53:16,538 | INFO | watcher.event_handler | Queueing filesystem event | file=corpora\Acme_Corp_Finance_Expense_Procurement_Policy.pdf | deleted=True
2026-09-01 20:53:16,570 | INFO | watcher.event_handler | Queueing filesystem event | file=corpora\Acme_Corp_Engineering_Incident_Runbook.pdf | deleted=True
2026-09-01 20:53:16,587 | INFO | rag.vectorstore | Embeddings deleted for source: Acme_Corp_IT_Security_Policy.pdf
2026-09-01 20:53:16,587 | INFO | watcher.event_handler | Deleted document embeddings: corpora\Acme_Corp_IT_Security_Policy.pdf
2026-09-01 20:53:16,588 | INFO | watcher.event_handler | Document deleted: corpora\Acme_Corp_HR_Remote_Work_Policy.pdf
2026-09-01 20:53:16,588 | INFO | rag.vectorstore | Deleting embeddings for source: Acme_Corp_HR_Remote_Work_Policy.pdf
2026-09-01 20:53:16,645 | INFO | rag.vectorstore | Embeddings deleted for source: Acme_Corp_HR_Remote_Work_Policy.pdf
2026-09-01 20:53:16,646 | INFO | watcher.event_handler | Deleted document embeddings: corpora\Acme_Corp_HR_Remote_Work_Policy.pdf
2026-09-01 20:53:16,646 | INFO | watcher.event_handler | Document deleted: corpora\Acme_Corp_Finance_Expense_Procurement_Policy.pdf
2026-09-01 20:53:16,646 | INFO | rag.vectorstore | Deleting embeddings for source: Acme_Corp_Finance_Expense_Procurement_Policy.pdf
2026-09-01 20:53:16,693 | INFO | rag.vectorstore | Embeddings deleted for source: Acme_Corp_Finance_Expense_Procurement_Policy.pdf
2026-09-01 20:53:16,694 | INFO | watcher.event_handler | Deleted document embeddings: corpora\Acme_Corp_Finance_Expense_Procurement_Policy.pdf
2026-09-01 20:53:16,694 | INFO | watcher.event_handler | Document deleted: corpora\Acme_Corp_Engineering_Incident_Runbook.pdf
2026-09-01 20:53:16,694 | INFO | rag.vectorstore | Deleting embeddings for source: Acme_Corp_Engineering_Incident_Runbook.pdf
2026-09-01 20:53:16,757 | INFO | rag.vectorstore | Embeddings deleted for source: Acme_Corp_Engineering_Incident_Runbook.pdf
2026-09-01 20:53:16,758 | INFO | watcher.event_handler | Deleted document embeddings: corpora\Acme_Corp_Engineering_Incident_Runbook.pdf
2026-09-01 20:55:19,085 | INFO | services.ingestion_service | File saved to Corpora\Acme_Corp_Finance_Expense_Procurement_Policy.pdf
2026-09-01 20:55:19,087 | INFO | services.ingestion_service | File saved to Corpora\Acme_Corp_Engineering_Incident_Runbook.pdf
2026-09-01 20:55:19,089 | INFO | services.ingestion_service | File saved to Corpora\Acme_Corp_HR_Remote_Work_Policy.pdf
2026-09-01 20:55:19,091 | INFO | services.ingestion_service | File saved to Corpora\Acme_Corp_IT_Security_Policy.pdf
2026-09-01 20:55:21,102 | INFO | watcher.event_handler | Queueing filesystem event | file=corpora\Acme_Corp_Finance_Expense_Procurement_Policy.pdf | deleted=False
2026-09-01 20:55:21,102 | INFO | watcher.event_handler | Queueing filesystem event | file=corpora\Acme_Corp_IT_Security_Policy.pdf | deleted=False
2026-09-01 20:55:21,103 | INFO | watcher.event_handler | Queueing filesystem event | file=corpora\Acme_Corp_Engineering_Incident_Runbook.pdf | deleted=False
2026-09-01 20:55:21,103 | INFO | watcher.event_handler | Queueing filesystem event | file=corpora\Acme_Corp_HR_Remote_Work_Policy.pdf | deleted=False
2026-09-01 20:55:21,106 | INFO | watcher.event_handler | New document detected: corpora\Acme_Corp_Finance_Expense_Procurement_Policy.pdf
2026-09-01 20:55:21,106 | INFO | ingestion.pdf_loader | Loading file: Acme_Corp_Finance_Expense_Procurement_Policy.pdf | Type: .pdf
2026-09-01 20:55:21,358 | INFO | ingestion.ingestion_pipeline | Starting ingestion pipeline.
2026-09-01 20:55:21,359 | INFO | ingestion.metadata_extractor | Metadata extracted for 2 documents
2026-09-01 20:55:21,359 | INFO | ingestion.ingestion_pipeline | Assigned document_id=6ad708307df8f85e to source=Acme_Corp_Finance_Expense_Procurement_Policy.pdf
2026-09-01 20:55:21,359 | INFO | ingestion.ingestion_pipeline | Assigned document_id=6ad708307df8f85e to source=Acme_Corp_Finance_Expense_Procurement_Policy.pdf
2026-09-01 20:55:21,360 | INFO | ingestion.ingestion_pipeline | Created chunk | document_id=6ad708307df8f85e | chunk_id=6ad708307df8f85e_chunk_1 | chunk_index=1 | source=Acme_Corp_Finance_Expense_Procurement_Policy.pdf
2026-09-01 20:55:21,360 | INFO | ingestion.ingestion_pipeline | Created chunk | document_id=6ad708307df8f85e | chunk_id=6ad708307df8f85e_chunk_2 | chunk_index=2 | source=Acme_Corp_Finance_Expense_Procurement_Policy.pdf
2026-09-01 20:55:21,361 | INFO | ingestion.ingestion_pipeline | Created chunk | document_id=6ad708307df8f85e | chunk_id=6ad708307df8f85e_chunk_3 | chunk_index=3 | source=Acme_Corp_Finance_Expense_Procurement_Policy.pdf
2026-09-01 20:55:21,361 | INFO | ingestion.ingestion_pipeline | Created chunk | document_id=6ad708307df8f85e | chunk_id=6ad708307df8f85e_chunk_4 | chunk_index=4 | source=Acme_Corp_Finance_Expense_Procurement_Policy.pdf
2026-09-01 20:55:21,361 | INFO | ingestion.ingestion_pipeline | Generated 4 chunks from 2 documents.
2026-09-01 20:55:21,363 | INFO | ingestion.ingestion_pipeline | Chunk registry saved | chunks=4 | path=evaluation\datasets\corpus_chunks.json
2026-09-01 20:55:21,620 | INFO | rag.vectorstore | Adding 4 documents to vector store
2026-09-01 20:55:21,620 | INFO | rag.vectorstore | Writing 4 points to Qdrant
2026-09-01 20:55:21,659 | INFO | rag.vectorstore | 4 documents stored successfully
2026-09-01 20:55:21,659 | INFO | ingestion.ingestion_pipeline | Successfully ingested 4 chunks.
2026-09-01 20:55:21,660 | INFO | watcher.event_handler | Document successfully processed: corpora\Acme_Corp_Finance_Expense_Procurement_Policy.pdf
2026-09-01 20:55:21,662 | INFO | watcher.event_handler | New document detected: corpora\Acme_Corp_IT_Security_Policy.pdf
2026-09-01 20:55:21,662 | INFO | ingestion.pdf_loader | Loading file: Acme_Corp_IT_Security_Policy.pdf | Type: .pdf
2026-09-01 20:55:21,701 | INFO | ingestion.ingestion_pipeline | Starting ingestion pipeline.
2026-09-01 20:55:21,702 | INFO | ingestion.metadata_extractor | Metadata extracted for 3 documents
2026-09-01 20:55:21,702 | INFO | ingestion.ingestion_pipeline | Assigned document_id=96122ae3c175f70e to source=Acme_Corp_IT_Security_Policy.pdf
2026-09-01 20:55:21,702 | INFO | ingestion.ingestion_pipeline | Assigned document_id=96122ae3c175f70e to source=Acme_Corp_IT_Security_Policy.pdf
2026-09-01 20:55:21,703 | INFO | ingestion.ingestion_pipeline | Assigned document_id=96122ae3c175f70e to source=Acme_Corp_IT_Security_Policy.pdf
2026-09-01 20:55:21,703 | INFO | ingestion.ingestion_pipeline | Created chunk | document_id=96122ae3c175f70e | chunk_id=96122ae3c175f70e_chunk_1 | chunk_index=1 | source=Acme_Corp_IT_Security_Policy.pdf
2026-09-01 20:55:21,703 | INFO | ingestion.ingestion_pipeline | Created chunk | document_id=96122ae3c175f70e | chunk_id=96122ae3c175f70e_chunk_2 | chunk_index=2 | source=Acme_Corp_IT_Security_Policy.pdf
2026-09-01 20:55:21,704 | INFO | ingestion.ingestion_pipeline | Created chunk | document_id=96122ae3c175f70e | chunk_id=96122ae3c175f70e_chunk_3 | chunk_index=3 | source=Acme_Corp_IT_Security_Policy.pdf
2026-09-01 20:55:21,704 | INFO | ingestion.ingestion_pipeline | Created chunk | document_id=96122ae3c175f70e | chunk_id=96122ae3c175f70e_chunk_4 | chunk_index=4 | source=Acme_Corp_IT_Security_Policy.pdf
2026-09-01 20:55:21,704 | INFO | ingestion.ingestion_pipeline | Created chunk | document_id=96122ae3c175f70e | chunk_id=96122ae3c175f70e_chunk_5 | chunk_index=5 | source=Acme_Corp_IT_Security_Policy.pdf
2026-09-01 20:55:21,705 | INFO | ingestion.ingestion_pipeline | Created chunk | document_id=96122ae3c175f70e | chunk_id=96122ae3c175f70e_chunk_6 | chunk_index=6 | source=Acme_Corp_IT_Security_Policy.pdf
2026-09-01 20:55:21,705 | INFO | ingestion.ingestion_pipeline | Created chunk | document_id=96122ae3c175f70e | chunk_id=96122ae3c175f70e_chunk_7 | chunk_index=7 | source=Acme_Corp_IT_Security_Policy.pdf
2026-09-01 20:55:21,705 | INFO | ingestion.ingestion_pipeline | Created chunk | document_id=96122ae3c175f70e | chunk_id=96122ae3c175f70e_chunk_8 | chunk_index=8 | source=Acme_Corp_IT_Security_Policy.pdf
2026-09-01 20:55:21,705 | INFO | ingestion.ingestion_pipeline | Generated 8 chunks from 3 documents.
2026-09-01 20:55:21,731 | INFO | ingestion.ingestion_pipeline | Chunk registry saved | chunks=8 | path=evaluation\datasets\corpus_chunks.json
2026-09-01 20:55:21,902 | INFO | rag.vectorstore | Adding 8 documents to vector store
2026-09-01 20:55:21,903 | INFO | rag.vectorstore | Writing 8 points to Qdrant
2026-09-01 20:55:21,969 | INFO | rag.vectorstore | 8 documents stored successfully
2026-09-01 20:55:21,970 | INFO | ingestion.ingestion_pipeline | Successfully ingested 8 chunks.
2026-09-01 20:55:21,970 | INFO | watcher.event_handler | Document successfully processed: corpora\Acme_Corp_IT_Security_Policy.pdf
2026-09-01 20:55:21,990 | INFO | watcher.event_handler | New document detected: corpora\Acme_Corp_Engineering_Incident_Runbook.pdf
2026-09-01 20:55:21,991 | INFO | ingestion.pdf_loader | Loading file: Acme_Corp_Engineering_Incident_Runbook.pdf | Type: .pdf
2026-09-01 20:55:22,013 | INFO | ingestion.ingestion_pipeline | Starting ingestion pipeline.
2026-09-01 20:55:22,014 | INFO | ingestion.metadata_extractor | Metadata extracted for 3 documents
2026-09-01 20:55:22,014 | INFO | ingestion.ingestion_pipeline | Assigned document_id=537d20a6ebb2d677 to source=Acme_Corp_Engineering_Incident_Runbook.pdf
2026-09-01 20:55:22,014 | INFO | ingestion.ingestion_pipeline | Assigned document_id=537d20a6ebb2d677 to source=Acme_Corp_Engineering_Incident_Runbook.pdf
2026-09-01 20:55:22,015 | INFO | ingestion.ingestion_pipeline | Assigned document_id=537d20a6ebb2d677 to source=Acme_Corp_Engineering_Incident_Runbook.pdf
2026-09-01 20:55:22,015 | INFO | ingestion.ingestion_pipeline | Created chunk | document_id=537d20a6ebb2d677 | chunk_id=537d20a6ebb2d677_chunk_1 | chunk_index=1 | source=Acme_Corp_Engineering_Incident_Runbook.pdf
2026-09-01 20:55:22,015 | INFO | ingestion.ingestion_pipeline | Created chunk | document_id=537d20a6ebb2d677 | chunk_id=537d20a6ebb2d677_chunk_2 | chunk_index=2 | source=Acme_Corp_Engineering_Incident_Runbook.pdf
2026-09-01 20:55:22,015 | INFO | ingestion.ingestion_pipeline | Created chunk | document_id=537d20a6ebb2d677 | chunk_id=537d20a6ebb2d677_chunk_3 | chunk_index=3 | source=Acme_Corp_Engineering_Incident_Runbook.pdf
2026-09-01 20:55:22,017 | INFO | ingestion.ingestion_pipeline | Created chunk | document_id=537d20a6ebb2d677 | chunk_id=537d20a6ebb2d677_chunk_4 | chunk_index=4 | source=Acme_Corp_Engineering_Incident_Runbook.pdf
2026-09-01 20:55:22,017 | INFO | ingestion.ingestion_pipeline | Created chunk | document_id=537d20a6ebb2d677 | chunk_id=537d20a6ebb2d677_chunk_5 | chunk_index=5 | source=Acme_Corp_Engineering_Incident_Runbook.pdf
2026-09-01 20:55:22,017 | INFO | ingestion.ingestion_pipeline | Created chunk | document_id=537d20a6ebb2d677 | chunk_id=537d20a6ebb2d677_chunk_6 | chunk_index=6 | source=Acme_Corp_Engineering_Incident_Runbook.pdf
2026-09-01 20:55:22,018 | INFO | ingestion.ingestion_pipeline | Generated 6 chunks from 3 documents.
2026-09-01 20:55:22,037 | INFO | ingestion.ingestion_pipeline | Chunk registry saved | chunks=6 | path=evaluation\datasets\corpus_chunks.json
2026-09-01 20:55:22,205 | INFO | rag.vectorstore | Adding 6 documents to vector store
2026-09-01 20:55:22,206 | INFO | rag.vectorstore | Writing 6 points to Qdrant
2026-09-01 20:55:22,258 | INFO | rag.vectorstore | 6 documents stored successfully
2026-09-01 20:55:22,258 | INFO | ingestion.ingestion_pipeline | Successfully ingested 6 chunks.
2026-09-01 20:55:22,258 | INFO | watcher.event_handler | Document successfully processed: corpora\Acme_Corp_Engineering_Incident_Runbook.pdf
2026-09-01 20:55:22,269 | INFO | watcher.event_handler | New document detected: corpora\Acme_Corp_HR_Remote_Work_Policy.pdf
2026-09-01 20:55:22,270 | INFO | ingestion.pdf_loader | Loading file: Acme_Corp_HR_Remote_Work_Policy.pdf | Type: .pdf
2026-09-01 20:55:22,293 | INFO | ingestion.ingestion_pipeline | Starting ingestion pipeline.
2026-09-01 20:55:22,294 | INFO | ingestion.metadata_extractor | Metadata extracted for 2 documents
2026-09-01 20:55:22,294 | INFO | ingestion.ingestion_pipeline | Assigned document_id=5cdd36da112c24b7 to source=Acme_Corp_HR_Remote_Work_Policy.pdf
2026-09-01 20:55:22,294 | INFO | ingestion.ingestion_pipeline | Assigned document_id=5cdd36da112c24b7 to source=Acme_Corp_HR_Remote_Work_Policy.pdf
2026-09-01 20:55:22,295 | INFO | ingestion.ingestion_pipeline | Created chunk | document_id=5cdd36da112c24b7 | chunk_id=5cdd36da112c24b7_chunk_1 | chunk_index=1 | source=Acme_Corp_HR_Remote_Work_Policy.pdf
2026-09-01 20:55:22,295 | INFO | ingestion.ingestion_pipeline | Created chunk | document_id=5cdd36da112c24b7 | chunk_id=5cdd36da112c24b7_chunk_2 | chunk_index=2 | source=Acme_Corp_HR_Remote_Work_Policy.pdf
2026-09-01 20:55:22,296 | INFO | ingestion.ingestion_pipeline | Created chunk | document_id=5cdd36da112c24b7 | chunk_id=5cdd36da112c24b7_chunk_3 | chunk_index=3 | source=Acme_Corp_HR_Remote_Work_Policy.pdf
2026-09-01 20:55:22,296 | INFO | ingestion.ingestion_pipeline | Created chunk | document_id=5cdd36da112c24b7 | chunk_id=5cdd36da112c24b7_chunk_4 | chunk_index=4 | source=Acme_Corp_HR_Remote_Work_Policy.pdf
2026-09-01 20:55:22,296 | INFO | ingestion.ingestion_pipeline | Created chunk | document_id=5cdd36da112c24b7 | chunk_id=5cdd36da112c24b7_chunk_5 | chunk_index=5 | source=Acme_Corp_HR_Remote_Work_Policy.pdf
2026-09-01 20:55:22,297 | INFO | ingestion.ingestion_pipeline | Generated 5 chunks from 2 documents.
2026-09-01 20:55:22,317 | INFO | ingestion.ingestion_pipeline | Chunk registry saved | chunks=5 | path=evaluation\datasets\corpus_chunks.json
2026-09-01 20:55:22,438 | INFO | rag.vectorstore | Adding 5 documents to vector store
2026-09-01 20:55:22,438 | INFO | rag.vectorstore | Writing 5 points to Qdrant
2026-09-01 20:55:22,481 | INFO | rag.vectorstore | 5 documents stored successfully
2026-09-01 20:55:22,482 | INFO | ingestion.ingestion_pipeline | Successfully ingested 5 chunks.
2026-09-01 20:55:22,482 | INFO | watcher.event_handler | Document successfully processed: corpora\Acme_Corp_HR_Remote_Work_Policy.pdf
